ProgramID					ProgramName					ActivityID					ActivityName					
1					Prog1					100					Act1					
1					Prog1					101					null					
2					null					102					Act3					
2					null					103					Act4					
