cat9					cat					
Everyday Italian					COOKING					
Harry Potter					null					
XQuery Kick Start					WEB					
Learning XML					WEB					
