  ROOT:0:0 dataType:null
    properties:1:1 dataType:properties
      property:1:2 dataType:property
        name:2:3 dataType:null
        value:2:3 dataType:null
    property:1:1 dataType:property
      name:2:2 dataType:null
      value:2:2 dataType:null
    company:1:1 dataType:company
      properties:1:2 dataType:properties
        property:1:3 dataType:property
          name:2:4 dataType:null
          value:2:4 dataType:null
      employee:1:2 dataType:employee
        properties:1:3 dataType:properties
          property:1:4 dataType:property
            name:2:5 dataType:null
            value:2:5 dataType:null
        employee:1:3 dataType:employee
          properties:1:4 dataType:properties
            property:1:5 dataType:property
              name:2:6 dataType:null
              value:2:6 dataType:null
          employee:1:4 dataType:employee
            properties:1:5 dataType:properties
              property:1:6 dataType:property
                name:2:7 dataType:null
                value:2:7 dataType:null
            employee:1:5 dataType:employee
              properties:1:6 dataType:properties
                property:1:7 dataType:property
                  name:2:8 dataType:null
                  value:2:8 dataType:null
              employee:1:6 dataType:employee
                properties:1:7 dataType:properties
                  property:1:8 dataType:property
                    name:2:9 dataType:null
                    value:2:9 dataType:null
                employee:1:7 dataType:employee
                  properties:1:8 dataType:properties
                    property:1:9 dataType:property
                      name:2:10 dataType:null
                      value:2:10 dataType:null
                  employee:1:8 dataType:employee
                    properties:1:9 dataType:properties
                      property:1:10 dataType:property
                    employee:1:9 dataType:employee
                      properties:1:10 dataType:properties
                      employee:1:10 dataType:employee
        type:2:3 dataType:null
      name:2:2 dataType:null
      type:2:2 dataType:null
    employee:1:1 dataType:employee
      properties:1:2 dataType:properties
        property:1:3 dataType:property
          name:2:4 dataType:null
          value:2:4 dataType:null
      employee:1:2 dataType:employee
        properties:1:3 dataType:properties
          property:1:4 dataType:property
            name:2:5 dataType:null
            value:2:5 dataType:null
        employee:1:3 dataType:employee
          properties:1:4 dataType:properties
            property:1:5 dataType:property
              name:2:6 dataType:null
              value:2:6 dataType:null
          employee:1:4 dataType:employee
            properties:1:5 dataType:properties
              property:1:6 dataType:property
                name:2:7 dataType:null
                value:2:7 dataType:null
            employee:1:5 dataType:employee
              properties:1:6 dataType:properties
                property:1:7 dataType:property
                  name:2:8 dataType:null
                  value:2:8 dataType:null
              employee:1:6 dataType:employee
                properties:1:7 dataType:properties
                  property:1:8 dataType:property
                    name:2:9 dataType:null
                    value:2:9 dataType:null
                employee:1:7 dataType:employee
                  properties:1:8 dataType:properties
                    property:1:9 dataType:property
                      name:2:10 dataType:null
                      value:2:10 dataType:null
                  employee:1:8 dataType:employee
                    properties:1:9 dataType:properties
                      property:1:10 dataType:property
                    employee:1:9 dataType:employee
                      properties:1:10 dataType:properties
                      employee:1:10 dataType:employee
      type:2:2 dataType:null
