  ROOT:0:0 dataType:null
    Book:1:1 dataType:Book
      Book:1:2 dataType:Book
        Book:1:3 dataType:Book
