  ROOT:0:0
    model:1:1
      package:1:2
        class:1:3
          attribute:1:4
            name:2:5
            fqn:2:5
          operation:1:4
            name:2:5
            fqn:2:5
          name:2:4
          fqn:2:4
        interface:1:3
          attribute:1:4
            name:2:5
            fqn:2:5
          operation:1:4
            name:2:5
            fqn:2:5
          class:1:4
            attribute:1:5
              name:2:6
              fqn:2:6
            operation:1:5
              name:2:6
              fqn:2:6
            name:2:5
            fqn:2:5
          name:2:4
          fqn:2:4
        diagram:1:3
          imagePath:2:4
        name:2:3
        fqn:2:3
      class:1:2
        attribute:1:3
          name:2:4
          fqn:2:4
        operation:1:3
          name:2:4
          fqn:2:4
        name:2:3
        fqn:2:3
      interface:1:2
        attribute:1:3
          name:2:4
          fqn:2:4
        operation:1:3
          name:2:4
          fqn:2:4
        class:1:3
          attribute:1:4
            name:2:5
            fqn:2:5
          operation:1:4
            name:2:5
            fqn:2:5
          name:2:4
          fqn:2:4
        name:2:3
        fqn:2:3
      diagram:1:2
        imagePath:2:3
      name:2:2
      fqn:2:2
